src/app/(admin)/dashboard/page.tsx(341,59): error TS2345: Argument of type '{ product_id: string; quantity: number; price_at_time: number; total_price: number; }[]' is not assignable to parameter of type '{ id?: string | undefined; session_id: string; product_id: string; quantity: number; price_at_time: number; total_price?: number | undefined; created_at?: string | undefined; }[]'.
  Property 'session_id' is missing in type '{ product_id: string; quantity: number; price_at_time: number; total_price: number; }' but required in type '{ id?: string | undefined; session_id: string; product_id: string; quantity: number; price_at_time: number; total_price?: number | undefined; created_at?: string | undefined; }'.
src/app/(admin)/promocodes/page.tsx(406,100): error TS2304: Cannot find name 'formatCurrency'.
